╔══════════════════════════════════════╗
║   冷刃博弈 - 双刺武器诊断测试       ║
╚══════════════════════════════════════╝

══════ 测试1: 双刺各距离可用卡牌 ══════
  距离0: 禁用[] 可用战斗["dodge","deflect","slash","thrust","block","feint"] 距离["retreat","hold"]
  距离0(僵直): 可用战斗["dodge","deflect","block"]
  距离1: 禁用[] 可用战斗["dodge","deflect","slash","thrust","block","feint"] 距离["advance","retreat","hold"]
  距离1(僵直): 可用战斗["dodge","deflect","block"]
  距离2: 禁用["slash","deflect"] 可用战斗["dodge","thrust","block","feint"] 距离["advance","retreat","hold"]
  距离2(僵直): 可用战斗["dodge","block"]
  距离3: 禁用["slash","deflect"] 可用战斗["dodge","thrust","block","feint"] 距离["advance","hold"]
  距离3(僵直): 可用战斗["dodge","block"]
  距离2 体力0: 可用[]
node : ⚠ WARN: 距离2体力0时双刺无可用战斗卡
所在位置 行:1 字符: 81
+ ... ODE_OPTIONS=""; node test-dual-stab.js > test-output.txt 2>&1; echo " ...
+                     ~~~~~~~~~~~~~~~~~~~~~~~~~~~~~~~~~~~~~~~~~~~~~
    + CategoryInfo          : NotSpecified: (⚠ WARN: 距离2体力0时双刺无可用战斗卡:String) [ 
   ], RemoteException
    + FullyQualifiedErrorId : NativeCommandError
 
  距离2 体力1: 可用["thrust","feint"]
  距离2 体力2: 可用["dodge","thrust","block","feint"]
  距离2 体力3: 可用["dodge","thrust","block","feint"]
✅ 可用卡牌检查完成

══════ 测试4: getValidAction 正确性验证 ══════
✅ getValidAction 正确替换了 SLASH → block
✅ getValidAction 正确替换了 DEFLECT → block
✅ getValidAction 保留了合法的 THRUST
✅ getValidAction 修复了 undefined → combat=block dist=retreat
✅ getValidAction 测试完成

══════ 测试5: flipState + aiDecide 一致性 ══════
✅ flip 后 ai.weapon = dual_stab 正确
✅ flip 后 player.weapon = sword 正确
  aiDecide(flipped) 返回: combat=dodge dist=advance
✅ flipState 一致性测试完成

══════ 测试2: 详细单局追踪 (dual_stab vs sword) ══════

--- 第 1 局 ---
  R1 dist=2 | P(dual_stab): hp=10 st=8 stn=0 → advance+thrust
         | A(sword): hp=10 st=8 stn=0 → hold+feint
  R2 dist=1 | P(dual_stab): hp=10 st=8 stn=0 → advance+block
         | A(sword): hp=9 st=8 stn=1 → hold+thrust
  R3 dist=0 | P(dual_stab): hp=10 st=8 stn=0 → hold+slash
         | A(sword): hp=9 st=8 stn=1 → retreat+dodge
  R4 dist=1 | P(dual_stab): hp=10 st=8 stn=1 → retreat+slash
         | A(sword): hp=9 st=8 stn=1 → hold+slash
  R5 dist=2 | P(dual_stab): hp=7 st=7 stn=2 → advance+thrust
         | A(sword): hp=7 st=8 stn=2 → hold+deflect
  R6 dist=1 | P(dual_stab): hp=7 st=8 stn=2 → advance+thrust
         | A(sword): hp=6 st=8 stn=3 → hold+block
  R7 dist=0 | P(dual_stab): hp=7 st=8 stn=2 → hold+thrust
         | A(sword): hp=6 st=8 stn=3 → retreat+deflect
  R8 dist=1 | P(dual_stab): hp=7 st=8 stn=2 → retreat+thrust
         | A(sword): hp=5 st=8 stn=4 → hold+block
  R9 dist=2 | P(dual_stab): hp=7 st=8 stn=2 → advance+thrust
         | A(sword): hp=5 st=8 stn=4 → hold+block
  R10 dist=1 | P(dual_stab): hp=7 st=8 stn=2 → retreat+thrust
         | A(sword): hp=5 st=8 stn=4 → hold+block
  R11 dist=2 | P(dual_stab): hp=7 st=8 stn=2 → advance+thrust
         | A(sword): hp=5 st=8 stn=4 → hold+block
  R12 dist=1 | P(dual_stab): hp=7 st=8 stn=2 → retreat+thrust
         | A(sword): hp=5 st=8 stn=4 → hold+block
  R13 dist=2 | P(dual_stab): hp=7 st=8 stn=2 → advance+thrust
         | A(sword): hp=5 st=7 stn=4 → hold+dodge
  R14 dist=1 | P(dual_stab): hp=7 st=8 stn=3 → advance+thrust
         | A(sword): hp=5 st=8 stn=4 → hold+dodge
  结果: player (14回合, 0次卡牌替换)

--- 第 2 局 ---
  R1 dist=2 | P(dual_stab): hp=10 st=8 stn=0 → advance+dodge
         | A(sword): hp=10 st=8 stn=0 → hold+feint
  R2 dist=1 | P(dual_stab): hp=10 st=8 stn=0 → advance+thrust
         | A(sword): hp=10 st=8 stn=0 → hold+slash
  R3 dist=0 | P(dual_stab): hp=8 st=8 stn=1 → hold+deflect
         | A(sword): hp=10 st=8 stn=0 → retreat+block
  R4 dist=1 | P(dual_stab): hp=8 st=8 stn=2 → advance+feint
         | A(sword): hp=10 st=8 stn=0 → hold+thrust
  R5 dist=0 | P(dual_stab): hp=8 st=8 stn=3 → hold+block
         | A(sword): hp=10 st=8 stn=0 → retreat+thrust
  R6 dist=1 | P(dual_stab): hp=8 st=8 stn=3 → advance+block
         | A(sword): hp=10 st=8 stn=0 → hold+thrust
  R7 dist=0 | P(dual_stab): hp=8 st=8 stn=3 → hold+block
         | A(sword): hp=10 st=8 stn=0 → retreat+thrust
  R8 dist=1 | P(dual_stab): hp=8 st=8 stn=3 → advance+block
         | A(sword): hp=10 st=7 stn=0 → hold+thrust
  R9 dist=0 | P(dual_stab): hp=8 st=7 stn=3 → hold+block
         | A(sword): hp=10 st=6 stn=0 → retreat+thrust
  R10 dist=1 | P(dual_stab): hp=8 st=5 stn=3 → advance+dodge
         | A(sword): hp=10 st=4 stn=0 → hold+feint
  R11 dist=0 | P(dual_stab): hp=8 st=8 stn=3 → hold+thrust
         | A(sword): hp=10 st=7 stn=0 → retreat+thrust
  R12 dist=1 | P(dual_stab): hp=7 st=8 stn=4 → advance+block
         | A(sword): hp=9 st=8 stn=1 → hold+thrust
  R13 dist=0 | P(dual_stab): hp=7 st=8 stn=4 → hold+dodge
         | A(sword): hp=9 st=8 stn=1 → retreat+thrust
  R14 dist=1 | P(dual_stab): hp=1 st=8 stn=0 → retreat+block
         | A(sword): hp=9 st=8 stn=1 → hold+feint
  R15 dist=2 | P(dual_stab): hp=1 st=8 stn=2 → advance+block
         | A(sword): hp=9 st=8 stn=1 → hold+slash
  结果: ai (15回合, 0次卡牌替换)

--- 第 3 局 ---
  R1 dist=2 | P(dual_stab): hp=10 st=8 stn=0 → advance+dodge
         | A(sword): hp=10 st=8 stn=0 → hold+thrust
  R2 dist=1 | P(dual_stab): hp=9 st=8 stn=1 → retreat+block
         | A(sword): hp=10 st=8 stn=0 → hold+feint
  R3 dist=2 | P(dual_stab): hp=9 st=8 stn=3 → advance+thrust
         | A(sword): hp=10 st=8 stn=0 → hold+thrust
  R4 dist=1 | P(dual_stab): hp=8 st=8 stn=4 → retreat+block
         | A(sword): hp=9 st=8 stn=1 → hold+thrust
  R5 dist=2 | P(dual_stab): hp=8 st=8 stn=4 → advance+dodge
         | A(sword): hp=9 st=8 stn=1 → hold+thrust
  R6 dist=1 | P(dual_stab): hp=2 st=8 stn=0 → retreat+block
         | A(sword): hp=9 st=8 stn=1 → hold+thrust
  R7 dist=2 | P(dual_stab): hp=2 st=8 stn=0 → advance+block
         | A(sword): hp=9 st=8 stn=1 → hold+feint
  R8 dist=1 | P(dual_stab): hp=2 st=8 stn=2 → advance+block
         | A(sword): hp=9 st=8 stn=1 → hold+slash
  R9 dist=0 | P(dual_stab): hp=1 st=7 stn=3 → hold+block
         | A(sword): hp=9 st=8 stn=1 → retreat+thrust
  R10 dist=1 | P(dual_stab): hp=1 st=6 stn=3 → retreat+block
         | A(sword): hp=9 st=8 stn=1 → hold+thrust
  R11 dist=2 | P(dual_stab): hp=1 st=4 stn=3 → advance+dodge
         | A(sword): hp=9 st=8 stn=1 → hold+thrust
  结果: ai (11回合, 0次卡牌替换)

══════ 测试2b: 详细单局追踪 (dual_stab vs staff) ══════

--- 第 1 局 ---
  R1 dist=2 | P(dual_stab): hp=10 st=8 stn=0 → advance+block
         | A(staff): hp=10 st=8 stn=0 → hold+feint
  R2 dist=2 | P(dual_stab): hp=10 st=8 stn=3 → advance+block
         | A(staff): hp=10 st=8 stn=0 → hold+thrust
  R3 dist=1 | P(dual_stab): hp=10 st=8 stn=3 → advance+block
         | A(staff): hp=10 st=8 stn=0 → hold+thrust
  R4 dist=0 | P(dual_stab): hp=10 st=7 stn=3 → hold+block
         | A(staff): hp=10 st=8 stn=0 → retreat+thrust
  R5 dist=1 | P(dual_stab): hp=10 st=6 stn=3 → advance+block
         | A(staff): hp=10 st=8 stn=0 → hold+thrust
  R6 dist=0 | P(dual_stab): hp=10 st=4 stn=3 → hold+dodge
         | A(staff): hp=10 st=8 stn=0 → retreat+thrust
  R7 dist=1 | P(dual_stab): hp=9 st=6 stn=4 → retreat+block
         | A(staff): hp=10 st=6 stn=0 → hold+thrust
  R8 dist=2 | P(dual_stab): hp=9 st=7 stn=4 → advance+block
         | A(staff): hp=10 st=4 stn=0 → hold+feint
  R9 dist=2 | P(dual_stab): hp=4 st=8 stn=0 → advance+block
         | A(staff): hp=10 st=7 stn=0 → hold+slash
  R10 dist=1 | P(dual_stab): hp=3 st=7 stn=1 → advance+block
         | A(staff): hp=10 st=8 stn=0 → hold+feint
  R11 dist=0 | P(dual_stab): hp=3 st=5 stn=3 → hold+dodge
         | A(staff): hp=10 st=8 stn=0 → retreat+thrust
  R12 dist=1 | P(dual_stab): hp=2 st=7 stn=4 → advance+block
         | A(staff): hp=10 st=8 stn=0 → hold+thrust
  R13 dist=0 | P(dual_stab): hp=2 st=8 stn=4 → hold+dodge
         | A(staff): hp=10 st=8 stn=0 → retreat+thrust
  结果: ai (13回合, 0次卡牌替换)

--- 第 2 局 ---
  R1 dist=2 | P(dual_stab): hp=10 st=8 stn=0 → advance+dodge
         | A(staff): hp=10 st=8 stn=0 → hold+slash
  R2 dist=1 | P(dual_stab): hp=10 st=8 stn=0 → advance+block
         | A(staff): hp=10 st=8 stn=2 → hold+slash
  R3 dist=0 | P(dual_stab): hp=9 st=8 stn=1 → hold+deflect
         | A(staff): hp=10 st=8 stn=2 → retreat+feint
  R4 dist=1 | P(dual_stab): hp=9 st=8 stn=3 → retreat+deflect
         | A(staff): hp=10 st=8 stn=2 → hold+thrust
  R5 dist=2 | P(dual_stab): hp=8 st=7 stn=4 → advance+block
         | A(staff): hp=10 st=8 stn=2 → hold+thrust
  R6 dist=1 | P(dual_stab): hp=8 st=8 stn=4 → advance+dodge
         | A(staff): hp=10 st=8 stn=2 → hold+thrust
  R7 dist=0 | P(dual_stab): hp=8 st=8 stn=4 → hold+block
         | A(staff): hp=5 st=8 stn=0 → retreat+thrust
  R8 dist=1 | P(dual_stab): hp=8 st=8 stn=4 → advance+block
         | A(staff): hp=5 st=7 stn=0 → hold+thrust
  R9 dist=0 | P(dual_stab): hp=8 st=8 stn=4 → hold+dodge
         | A(staff): hp=5 st=6 stn=0 → retreat+thrust
  R10 dist=1 | P(dual_stab): hp=2 st=8 stn=0 → retreat+block
         | A(staff): hp=5 st=4 stn=0 → hold+feint
  R11 dist=3 | P(dual_stab): hp=2 st=8 stn=3 → advance+block
         | A(staff): hp=5 st=7 stn=0 → hold+thrust
  R12 dist=2 | P(dual_stab): hp=2 st=8 stn=3 → advance+block
         | A(staff): hp=5 st=8 stn=0 → hold+thrust
  R13 dist=1 | P(dual_stab): hp=2 st=7 stn=3 → retreat+block
         | A(staff): hp=5 st=8 stn=0 → hold+thrust
  R14 dist=2 | P(dual_stab): hp=2 st=5 stn=3 → advance+dodge
         | A(staff): hp=5 st=8 stn=0 → hold+thrust
  R15 dist=1 | P(dual_stab): hp=1 st=7 stn=4 → retreat+block
         | A(staff): hp=5 st=8 stn=0 → hold+thrust
  R16 dist=2 | P(dual_stab): hp=1 st=8 stn=4 → advance+dodge
         | A(staff): hp=5 st=7 stn=0 → hold+thrust
  结果: ai (16回合, 0次卡牌替换)

--- 第 3 局 ---
  R1 dist=2 | P(dual_stab): hp=10 st=8 stn=0 → advance+block
         | A(staff): hp=10 st=8 stn=0 → hold+thrust
  R2 dist=1 | P(dual_stab): hp=10 st=8 stn=0 → advance+block
         | A(staff): hp=10 st=8 stn=0 → hold+feint
  R3 dist=0 | P(dual_stab): hp=10 st=8 stn=2 → hold+thrust
         | A(staff): hp=10 st=8 stn=0 → retreat+feint
  R4 dist=1 | P(dual_stab): hp=10 st=8 stn=2 → advance+thrust
         | A(staff): hp=9 st=8 stn=1 → hold+feint
  R5 dist=0 | P(dual_stab): hp=10 st=8 stn=2 → hold+thrust
         | A(staff): hp=7 st=8 stn=3 → retreat+block
  R6 dist=1 | P(dual_stab): hp=10 st=8 stn=2 → advance+thrust
         | A(staff): hp=7 st=8 stn=3 → hold+block
  R7 dist=0 | P(dual_stab): hp=10 st=8 stn=2 → hold+thrust
         | A(staff): hp=7 st=8 stn=3 → retreat+block
  R8 dist=1 | P(dual_stab): hp=10 st=8 stn=2 → advance+thrust
         | A(staff): hp=7 st=8 stn=3 → hold+slash
  R9 dist=0 | P(dual_stab): hp=8 st=8 stn=3 → hold+thrust
         | A(staff): hp=7 st=8 stn=3 → retreat+thrust
  R10 dist=1 | P(dual_stab): hp=7 st=8 stn=4 → advance+dodge
         | A(staff): hp=6 st=8 stn=4 → hold+dodge
  R11 dist=0 | P(dual_stab): hp=7 st=8 stn=4 → hold+dodge
         | A(staff): hp=6 st=8 stn=4 → retreat+block
  R12 dist=1 | P(dual_stab): hp=7 st=8 stn=4 → advance+dodge
         | A(staff): hp=6 st=8 stn=4 → hold+dodge
  R13 dist=0 | P(dual_stab): hp=7 st=8 stn=4 → hold+dodge
         | A(staff): hp=6 st=8 stn=4 → retreat+block
  R14 dist=1 | P(dual_stab): hp=7 st=7 stn=4 → advance+dodge
         | A(staff): hp=6 st=8 stn=4 → hold+dodge
  R15 dist=0 | P(dual_stab): hp=7 st=6 stn=4 → hold+dodge
         | A(staff): hp=6 st=8 stn=4 → retreat+block
  R16 dist=1 | P(dual_stab): hp=7 st=4 stn=4 → advance+block
         | A(staff): hp=6 st=8 stn=4 → hold+block
  R17 dist=0 | P(dual_stab): hp=7 st=6 stn=4 → hold+block
         | A(staff): hp=6 st=8 stn=4 → retreat+dodge
  R18 dist=1 | P(dual_stab): hp=7 st=7 stn=4 → advance+block
         | A(staff): hp=6 st=8 stn=4 → hold+dodge
  R19 dist=0 | P(dual_stab): hp=7 st=7 stn=4 → hold+dodge
         | A(staff): hp=6 st=8 stn=4 → retreat+dodge
  R20 dist=1 | P(dual_stab): hp=7 st=8 stn=4 → advance+dodge
         | A(staff): hp=6 st=7 stn=4 → hold+dodge
  R21 dist=0 | P(dual_stab): hp=7 st=8 stn=4 → hold+block
         | A(staff): hp=6 st=6 stn=4 → retreat+block
  R22 dist=1 | P(dual_stab): hp=7 st=8 stn=4 → retreat+block
         | A(staff): hp=6 st=8 stn=4 → hold+block
  R23 dist=2 | P(dual_stab): hp=7 st=8 stn=4 → advance+dodge
         | A(staff): hp=6 st=8 stn=4 → hold+dodge
  R24 dist=1 | P(dual_stab): hp=7 st=8 stn=4 → advance+dodge
         | A(staff): hp=6 st=8 stn=4 → hold+dodge
  R25 dist=0 | P(dual_stab): hp=7 st=8 stn=4 → hold+dodge
         | A(staff): hp=6 st=8 stn=4 → retreat+block
  R26 dist=1 | P(dual_stab): hp=7 st=8 stn=4 → advance+block
         | A(staff): hp=6 st=8 stn=4 → hold+block
  R27 dist=0 | P(dual_stab): hp=7 st=8 stn=4 → hold+block
         | A(staff): hp=6 st=8 stn=4 → retreat+dodge
  R28 dist=1 | P(dual_stab): hp=7 st=8 stn=4 → retreat+block
         | A(staff): hp=6 st=8 stn=4 → hold+block
  R29 dist=2 | P(dual_stab): hp=7 st=7 stn=4 → advance+dodge
         | A(staff): hp=6 st=8 stn=4 → hold+dodge
  R30 dist=1 | P(dual_stab): hp=7 st=8 stn=4 → retreat+block
         | A(staff): hp=6 st=8 stn=4 → hold+block
  R31 dist=2 | P(dual_stab): hp=7 st=8 stn=4 → advance+block
         | A(staff): hp=6 st=8 stn=4 → hold+dodge
  R32 dist=1 | P(dual_stab): hp=7 st=8 stn=4 → advance+dodge
         | A(staff): hp=6 st=8 stn=4 → hold+dodge
  R33 dist=0 | P(dual_stab): hp=7 st=8 stn=4 → hold+dodge
         | A(staff): hp=6 st=8 stn=4 → retreat+block
  R34 dist=1 | P(dual_stab): hp=7 st=8 stn=4 → advance+dodge
         | A(staff): hp=6 st=8 stn=4 → hold+block
  R35 dist=0 | P(dual_stab): hp=7 st=8 stn=4 → hold+block
         | A(staff): hp=6 st=8 stn=4 → retreat+dodge
  R36 dist=1 | P(dual_stab): hp=7 st=8 stn=4 → advance+block
         | A(staff): hp=6 st=8 stn=4 → hold+dodge
  R37 dist=0 | P(dual_stab): hp=7 st=8 stn=4 → hold+block
         | A(staff): hp=6 st=8 stn=4 → retreat+block
  R38 dist=1 | P(dual_stab): hp=7 st=8 stn=4 → retreat+dodge
         | A(staff): hp=6 st=8 stn=4 → hold+block
  R39 dist=2 | P(dual_stab): hp=7 st=8 stn=4 → advance+block
         | A(staff): hp=6 st=8 stn=4 → hold+dodge
  R40 dist=1 | P(dual_stab): hp=7 st=8 stn=4 → advance+block
         | A(staff): hp=6 st=8 stn=4 → hold+block
  R41 dist=0 | P(dual_stab): hp=7 st=8 stn=4 → hold+block
         | A(staff): hp=6 st=8 stn=4 → retreat+dodge
  R42 dist=1 | P(dual_stab): hp=7 st=8 stn=4 → retreat+dodge
         | A(staff): hp=6 st=8 stn=4 → hold+block
  R43 dist=2 | P(dual_stab): hp=7 st=8 stn=4 → advance+block
         | A(staff): hp=6 st=8 stn=4 → hold+dodge
  R44 dist=1 | P(dual_stab): hp=7 st=8 stn=4 → retreat+dodge
         | A(staff): hp=6 st=8 stn=4 → hold+block
  R45 dist=2 | P(dual_stab): hp=7 st=8 stn=4 → advance+dodge
         | A(staff): hp=6 st=8 stn=4 → hold+dodge
  R46 dist=1 | P(dual_stab): hp=7 st=8 stn=4 → advance+block
         | A(staff): hp=6 st=8 stn=4 → hold+dodge
  R47 dist=0 | P(dual_stab): hp=7 st=8 stn=4 → hold+block
         | A(staff): hp=6 st=8 stn=4 → retreat+block
  R48 dist=1 | P(dual_stab): hp=7 st=8 stn=4 → retreat+dodge
         | A(staff): hp=6 st=8 stn=4 → hold+block
  R49 dist=2 | P(dual_stab): hp=7 st=8 stn=4 → advance+dodge
         | A(staff): hp=6 st=8 stn=4 → hold+dodge
  R50 dist=1 | P(dual_stab): hp=7 st=8 stn=4 → advance+block
         | A(staff): hp=6 st=8 stn=4 → hold+dodge
  结果: draw (50回合, 0次卡牌替换)
✅ 详细追踪完成

══════ 测试6: 距离控制统计 ══════
⚠ WARN: 达到最大回合数 50，判平局
  距离分布(125回合): 距离0=34(27.2%) 距离1=62(49.6%) 距离2=29(23.2%) 距离3=0(0.0%)
✅ 距离控制统计完成

══════ 测试3: 批量胜率统计 (100局) ══════
  双刺 vs 短刀: 46W 43L 11D (46%)  替换0次 错误0局
  双刺 vs 长枪: 39W 15L 46D (39%)  替换0次 错误0局
  双刺 vs 剑: 36W 37L 27D (36%)  替换0次 错误0局
  双刺 vs 棍: 33W 39L 28D (33%)  替换0次 错误0局
  双刺 vs 大刀: 37W 23L 40D (37%)  替换0次 错误0局
  双刺 vs 双刺: 51W 35L 14D (51%)  替换0次 错误0局
  剑 vs 双刺: 42W 31L 27D (42%)  替换0次 错误0局
  棍 vs 双刺: 51W 25L 24D (51%)  替换0次 错误0局
✅ 批量统计完成

══════════════════════════════════════
测试完成: 0 个错误, 2 个警告
✅ 所有测试通过
